2026-02-27 10:39:09,830 - hydromt - log - DEBUG - Appending log messages to file /p/11212698-005-wmo2026state/reservoirs/models/ffaadb77-65b4-477a-b857-a5d56ca8ee2f/wflow_sbm/hydromt.log.
2026-02-27 10:39:09,830 - hydromt - log - INFO - HydroMT version: 1.3.0
2026-02-27 10:39:09,832 - hydromt.model.model - model - INFO - build: setup_config
2026-02-27 10:39:09,832 - hydromt.model.model - model - INFO - setup_config.data={'time.starttime': datetime.datetime(2010, 1, 1, 0, 0), 'time.endtime': datetime.datetime(2010, 3, 31, 0, 0), 'time.timestepsecs': 86400, 'input.path_forcing': 'inmaps-era5-2010.nc'}
2026-02-27 10:39:09,832 - hydromt.model.components.config - config - DEBUG - Setting model config options.
2026-02-27 10:39:09,832 - hydromt.model.model - model - INFO - build: setup_basemaps
2026-02-27 10:39:09,832 - hydromt.model.model - model - INFO - setup_basemaps.basin_index_fn=merit_hydro_index
2026-02-27 10:39:09,832 - hydromt.model.model - model - INFO - setup_basemaps.res=0.00833
2026-02-27 10:39:09,832 - hydromt.model.model - model - INFO - setup_basemaps.upscale_method=ihu
2026-02-27 10:39:09,832 - hydromt.model.model - model - INFO - setup_basemaps.output_names={'basin__local_drain_direction': 'local_drain_direction', 'subbasin_location__count': 'subcatchment', 'land_surface__slope': 'land_slope'}
2026-02-27 10:39:09,832 - hydromt.model.model - model - INFO - setup_basemaps.hydrography_fn=merit_hydro
2026-02-27 10:39:09,832 - hydromt.model.model - model - INFO - setup_basemaps.region={'subbasin': [2.81249999983373, 45.9708333333023], 'strord': 4, 'bounds': [2.35916666666669, 45.56, 3.02083333333333, 46.145]}
2026-02-27 10:39:09,832 - hydromt.hydromt_wflow.wflow_base - wflow_base - INFO - Preparing base hydrography basemaps.
2026-02-27 10:39:09,833 - hydromt.data_catalog.sources.data_source - data_source - INFO - Reading merit_hydro RasterDataset data from /p/wflow_global/hydromt/topography/merit_hydro/*.vrt
2026-02-27 10:39:09,833 - hydromt.data_catalog.uri_resolvers.convention_resolver - convention_resolver - DEBUG - attempting to resolve uri: /p/wflow_global/hydromt/topography/merit_hydro/*.vrt
2026-02-27 10:39:10,281 - hydromt.data_catalog.sources.data_source - data_source - INFO - Reading merit_hydro_index GeoDataFrame data from /p/wflow_global/hydromt/topography/merit_hydro/basin_index.fgb
2026-02-27 10:39:10,288 - hydromt.data_catalog.uri_resolvers.convention_resolver - convention_resolver - DEBUG - attempting to resolve uri: /p/wflow_global/hydromt/topography/merit_hydro/basin_index.fgb
2026-02-27 10:39:10,289 - hydromt._utils.unused_kwargs - unused_kwargs - DEBUG - object: PyogrioDriver does not use kwarg metadata with value crs=<Geographic 2D CRS: EPSG:4326>
Name: WGS 84
Axis Info [ellipsoidal]:
- Lat[north]: Geodetic latitude (degree)
- Lon[east]: Geodetic longitude (degree)
Area of Use:
- name: World.
- bounds: (-180.0, -90.0, 180.0, 90.0)
Datum: World Geodetic System 1984 ensemble
- Ellipsoid: WGS 84
- Prime Meridian: Greenwich
 unit=None extent={'bbox': {'West': -180.028, 'South': -59.46, 'East': 190.338, 'North': 83.661}} nodata=None attrs={} category='topography' paper_doi='10.5194/hess-25-5287-2021' paper_ref='Eilander et al. (2021)' license='CC-BY-NC 4.0'.
2026-02-27 10:39:10,300 - hydromt.data_catalog.adapters.geodataframe - geodataframe - DEBUG - Clip intersects [2.712, 45.871, 2.912, 46.071] (EPSG:4326)
2026-02-27 10:39:10,310 - hydromt.gis.flw - flw - DEBUG - Initializing flwdir with geographic CRS with unit degree.
2026-02-27 10:39:14,857 - hydromt.model.processes.basin_mask - basin_mask - INFO - subbasin bbox: [2.4092, 45.6100, 2.9708, 46.0950]
2026-02-27 10:39:14,883 - hydromt.hydromt_wflow.workflows.basemaps - basemaps - DEBUG - Mask in dataset assumed to represent subbasins.
2026-02-27 10:39:14,883 - hydromt.hydromt_wflow.workflows.basemaps - basemaps - INFO - (Sub)basin at original resolution has 220077 cells.
2026-02-27 10:39:14,884 - hydromt.gis.flw - flw - DEBUG - Initializing flwdir with geographic CRS with unit degree.
2026-02-27 10:39:14,946 - hydromt.hydromt_wflow.workflows.basemaps - basemaps - DEBUG - Burn subbasin outlet in upstream area data.
2026-02-27 10:39:15,848 - hydromt.hydromt_wflow.workflows.basemaps - basemaps - INFO - Upscale flow direction data: 10x, ihu method.
2026-02-27 10:39:28,189 - hydromt.gis.flw - flw - DEBUG - Initializing flwdir with geographic CRS with unit degree.
2026-02-27 10:39:28,192 - hydromt.hydromt_wflow.workflows.basemaps - basemaps - INFO - Derive stream order.
2026-02-27 10:39:28,350 - hydromt.hydromt_wflow.workflows.basemaps - basemaps - INFO - Map shape: (59, 68); active cells: 2205.
2026-02-27 10:39:28,350 - hydromt.hydromt_wflow.workflows.basemaps - basemaps - INFO - Outlet coordinates (1/1): (2.81167,45.96917).
2026-02-27 10:39:28,367 - hydromt.hydromt_wflow.wflow_base - wflow_base - INFO - Adding basin shape to staticgeoms.
2026-02-27 10:39:28,385 - hydromt.hydromt_wflow.workflows.basemaps - basemaps - INFO - Derive elevation and slope.
2026-02-27 10:39:29,657 - hydromt.model.model - model - INFO - build: setup_rivers
2026-02-27 10:39:29,658 - hydromt.model.model - model - INFO - setup_rivers.river_geom_fn=None
2026-02-27 10:39:29,658 - hydromt.model.model - model - INFO - setup_rivers.river_upa=4
2026-02-27 10:39:29,658 - hydromt.model.model - model - INFO - setup_rivers.rivdph_method=powlaw
2026-02-27 10:39:29,658 - hydromt.model.model - model - INFO - setup_rivers.slope_len=2000
2026-02-27 10:39:29,658 - hydromt.model.model - model - INFO - setup_rivers.min_rivlen_ratio=0.0
2026-02-27 10:39:29,658 - hydromt.model.model - model - INFO - setup_rivers.min_rivdph=1
2026-02-27 10:39:29,658 - hydromt.model.model - model - INFO - setup_rivers.min_rivwth=30
2026-02-27 10:39:29,658 - hydromt.model.model - model - INFO - setup_rivers.smooth_len=5000
2026-02-27 10:39:29,658 - hydromt.model.model - model - INFO - setup_rivers.elevtn_map=land_elevation
2026-02-27 10:39:29,658 - hydromt.model.model - model - INFO - setup_rivers.river_routing=kinematic_wave
2026-02-27 10:39:29,658 - hydromt.model.model - model - INFO - setup_rivers.connectivity=8
2026-02-27 10:39:29,658 - hydromt.model.model - model - INFO - setup_rivers.output_names={'river_location__mask': 'river_mask', 'river__length': 'river_length', 'river__width': 'river_width', 'river_bank_water__depth': 'river_depth', 'river__slope': 'river_slope', 'river_bank_water__elevation': 'river_bank_elevation'}
2026-02-27 10:39:29,658 - hydromt.model.model - model - INFO - setup_rivers.hydrography_fn=merit_hydro
2026-02-27 10:39:29,658 - hydromt.hydromt_wflow.wflow_base - wflow_base - INFO - Preparing river maps.
2026-02-27 10:39:29,662 - hydromt.data_catalog.sources.data_source - data_source - INFO - Reading merit_hydro RasterDataset data from /p/wflow_global/hydromt/topography/merit_hydro/*.vrt
2026-02-27 10:39:29,663 - hydromt.data_catalog.uri_resolvers.convention_resolver - convention_resolver - DEBUG - attempting to resolve uri: /p/wflow_global/hydromt/topography/merit_hydro/*.vrt
2026-02-27 10:39:30,078 - hydromt.data_catalog.adapters.rasterdataset - rasterdataset - DEBUG - Clip to [2.408, 45.607, 2.974, 46.098] (epsg:4326))
2026-02-27 10:39:30,088 - hydromt.hydromt_wflow.workflows.river - river - INFO - Set river mask (min uparea: 4 km2) and prepare flow dirs.
2026-02-27 10:39:30,964 - hydromt.gis.flw - flw - DEBUG - Initializing flwdir with geographic CRS with unit degree.
2026-02-27 10:39:31,119 - hydromt.hydromt_wflow.workflows.river - river - INFO - Derive river length.
2026-02-27 10:39:32,598 - hydromt.hydromt_wflow.workflows.river - river - INFO - Derive river slope.
2026-02-27 10:39:33,869 - hydromt.hydromt_wflow.workflows.river - river - DEBUG - Derive rivwth from hydrography dataset.
2026-02-27 10:39:34,289 - hydromt.hydromt_wflow.wflow_base - wflow_base - DEBUG - Adding rivers vector to geoms.
2026-02-27 10:39:34,290 - hydromt.gis.flw - flw - DEBUG - Initializing flwdir with geographic CRS with unit degree.
2026-02-27 10:39:35,052 - hydromt.hydromt_wflow.wflow_sbm - wflow_sbm - INFO - Update wflow config model.river_routing="kinematic_wave"
2026-02-27 10:39:35,052 - hydromt.model.model - model - INFO - build: setup_riverwidth
2026-02-27 10:39:35,052 - hydromt.model.model - model - INFO - setup_riverwidth.predictor=discharge
2026-02-27 10:39:35,052 - hydromt.model.model - model - INFO - setup_riverwidth.fill=False
2026-02-27 10:39:35,052 - hydromt.model.model - model - INFO - setup_riverwidth.fit=False
2026-02-27 10:39:35,052 - hydromt.model.model - model - INFO - setup_riverwidth.min_wth=1
2026-02-27 10:39:35,052 - hydromt.model.model - model - INFO - setup_riverwidth.precip_fn=chelsa
2026-02-27 10:39:35,052 - hydromt.model.model - model - INFO - setup_riverwidth.climate_fn=koppen_geiger
2026-02-27 10:39:35,052 - hydromt.model.model - model - INFO - setup_riverwidth.output_name=river_width
2026-02-27 10:39:35,052 - hydromt.hydromt_wflow.wflow_base - wflow_base - WARNING - The "setup_riverwidth" method has been deprecated and will soon be removed. You can now use the "setup_river" method for all river parameters.
2026-02-27 10:39:35,054 - hydromt.data_catalog.sources.data_source - data_source - INFO - Reading chelsa RasterDataset data from /p/wflow_global/hydromt/meteo/chelsa_clim_v1.2/CHELSA_bio10_12.tif
2026-02-27 10:39:35,054 - hydromt.data_catalog.uri_resolvers.convention_resolver - convention_resolver - DEBUG - attempting to resolve uri: /p/wflow_global/hydromt/meteo/chelsa_clim_v1.2/CHELSA_bio10_12.tif
2026-02-27 10:39:35,102 - hydromt.data_catalog.adapters.rasterdataset - rasterdataset - DEBUG - Clip to [2.408, 45.607, 2.974, 46.098] (epsg:4326))
2026-02-27 10:39:35,105 - hydromt.data_catalog.sources.data_source - data_source - INFO - Reading koppen_geiger RasterDataset data from /p/wflow_global/hydromt/meteo/climate_classification_v2017/Map_KG-Global.tif
2026-02-27 10:39:35,105 - hydromt.data_catalog.uri_resolvers.convention_resolver - convention_resolver - DEBUG - attempting to resolve uri: /p/wflow_global/hydromt/meteo/climate_classification_v2017/Map_KG-Global.tif
2026-02-27 10:39:35,151 - hydromt.data_catalog.adapters.rasterdataset - rasterdataset - DEBUG - Clip to [2.408, 45.607, 2.974, 46.098] (epsg:4326))
2026-02-27 10:39:35,152 - hydromt.hydromt_wflow.workflows.river - river - WARNING - Observed rivwth "rivwth_obs" not found.
2026-02-27 10:39:35,153 - hydromt.hydromt_wflow.workflows.river - river - DEBUG - Deriving predictor "discharge" values
2026-02-27 10:39:35,194 - hydromt.hydromt_wflow.workflows.river - river - DEBUG - Basin base climate classification: 3 (Cfb)
2026-02-27 10:39:36,198 - hydromt.hydromt_wflow.workflows.river - river - INFO - rivwth set globally based on width-discharge relationship.
2026-02-27 10:39:36,201 - hydromt.model.model - model - INFO - build: setup_river_roughness
2026-02-27 10:39:36,201 - hydromt.model.model - model - INFO - setup_river_roughness.rivman_mapping_fn=None
2026-02-27 10:39:36,201 - hydromt.model.model - model - INFO - setup_river_roughness.strord_name=meta_streamorder
2026-02-27 10:39:36,201 - hydromt.model.model - model - INFO - setup_river_roughness.output_name=river_manning_n
2026-02-27 10:39:36,201 - hydromt.hydromt_wflow.wflow_sbm - wflow_sbm - INFO - Preparing river Manning roughness.
2026-02-27 10:39:36,202 - hydromt.data_catalog.sources.data_source - data_source - INFO - Reading roughness_river_mapping_default DataFrame data from /u/tsiokano/miniforge3/envs/hydromt-wflow-wmo/lib/python3.14/site-packages/hydromt_wflow/data/wflow_sbm/river_manning_mapping.csv
2026-02-27 10:39:36,202 - hydromt.data_catalog.uri_resolvers.convention_resolver - convention_resolver - DEBUG - attempting to resolve uri: /u/tsiokano/miniforge3/envs/hydromt-wflow-wmo/lib/python3.14/site-packages/hydromt_wflow/data/wflow_sbm/river_manning_mapping.csv
2026-02-27 10:39:36,208 - hydromt.hydromt_wflow.workflows.landuse - landuse - INFO - Deriving river_manning_n using average resampling (nodata=-999.0).
2026-02-27 10:39:36,214 - hydromt.model.model - model - INFO - build: setup_reservoirs_simple_control
2026-02-27 10:39:36,214 - hydromt.model.model - model - INFO - setup_reservoirs_simple_control.timeseries_fn=gww
2026-02-27 10:39:36,214 - hydromt.model.model - model - INFO - setup_reservoirs_simple_control.overwrite_existing=False
2026-02-27 10:39:36,214 - hydromt.model.model - model - INFO - setup_reservoirs_simple_control.duplicate_id=error
2026-02-27 10:39:36,214 - hydromt.model.model - model - INFO - setup_reservoirs_simple_control.min_area=1
2026-02-27 10:39:36,214 - hydromt.model.model - model - INFO - setup_reservoirs_simple_control.output_names={'reservoir_area__count': 'reservoir_area_id', 'reservoir_location__count': 'reservoir_outlet_id', 'reservoir_surface__area': 'reservoir_area', 'reservoir_water_surface__initial_elevation': 'reservoir_initial_depth', 'reservoir_water__rating_curve_type_count': 'reservoir_rating_curve', 'reservoir_water__storage_curve_type_count': 'reservoir_storage_curve', 'reservoir_water__max_volume': 'reservoir_max_volume', 'reservoir_water__target_min_volume_fraction': 'reservoir_target_min_fraction', 'reservoir_water__target_full_volume_fraction': 'reservoir_target_full_fraction', 'reservoir_water_demand__required_downstream_volume_flow_rate': 'reservoir_demand', 'reservoir_water_release_below_spillway__max_volume_flow_rate': 'reservoir_max_release'}
2026-02-27 10:39:36,214 - hydromt.model.model - model - INFO - setup_reservoirs_simple_control.geom_name=meta_reservoirs_simple_control
2026-02-27 10:39:36,214 - hydromt.model.model - model - INFO - setup_reservoirs_simple_control.reservoirs_fn=hydro_reservoirs
2026-02-27 10:39:36,214 - hydromt.model.model - model - INFO - setup_reservoirs_simple_control.predicate=intersects
2026-02-27 10:39:36,214 - hydromt.hydromt_wflow.wflow_sbm - wflow_sbm - INFO - Preparing reservoir with simple control maps.
2026-02-27 10:39:36,215 - hydromt.data_catalog.sources.data_source - data_source - INFO - Reading hydro_reservoirs GeoDataFrame data from /p/wflow_global/hydromt/hydrography/reservoirs/reservoir-db.fgb
2026-02-27 10:39:36,215 - hydromt.data_catalog.uri_resolvers.convention_resolver - convention_resolver - DEBUG - attempting to resolve uri: /p/wflow_global/hydromt/hydrography/reservoirs/reservoir-db.fgb
2026-02-27 10:39:36,215 - hydromt._utils.unused_kwargs - unused_kwargs - DEBUG - object: PyogrioDriver does not use kwarg metadata with value crs=<Geographic 2D CRS: EPSG:4326>
Name: WGS 84
Axis Info [ellipsoidal]:
- Lat[north]: Geodetic latitude (degree)
- Lon[east]: Geodetic longitude (degree)
Area of Use:
- name: World.
- bounds: (-180.0, -90.0, 180.0, 90.0)
Datum: World Geodetic System 1984 ensemble
- Ellipsoid: WGS 84
- Prime Meridian: Greenwich
 unit=None extent={'bbox': {'West': -153.059, 'South': -45.881, 'East': 176.825, 'North': 70.396}} nodata=-99 attrs={} category='surface water' notes='GRanD.v1.1_HydroLAKES.v10_JRC.2016' processing_notes='combined not natural lakes from HydroLAKES v10 (Lake_type != 1) with reservoirs attributes from GRanD v1.1' author='Alessia Matano'.
2026-02-27 10:39:36,226 - hydromt.data_catalog.adapters.geodataframe - geodataframe - DEBUG - Clip intersects [2.409, 45.610, 2.971, 46.095] (EPSG:4326)
2026-02-27 10:39:36,227 - hydromt.data_catalog.adapters.geodataframe - geodataframe - DEBUG - Convert units for 5 columns.
2026-02-27 10:39:36,229 - hydromt.hydromt_wflow.workflows.reservoirs - reservoirs - INFO - 1 reservoir(s) of sufficient size found within region.
2026-02-27 10:39:36,233 - hydromt.hydromt_wflow.workflows.reservoirs - reservoirs - DEBUG - Setting reservoir outlet map based maximum upstream area.
2026-02-27 10:39:36,245 - hydromt.hydromt_wflow.workflows.reservoirs - reservoirs - INFO - Using reservoir timeseries from GWW via gwwapi.
2026-02-27 10:39:36,708 - hydromt.hydromt_wflow.workflows.reservoirs - reservoirs - DEBUG - Downloading Global Water Watch time series for reservoir 3381
2026-02-27 10:39:37,339 - hydromt.hydromt_wflow.workflows.reservoirs - reservoirs - INFO - GRanD dam height used as max. level instead of HydroLAKES depth average. Difference factor: 2.4000
2026-02-27 10:39:37,500 - hydromt.model.model - model - INFO - build: setup_reservoirs_no_control
2026-02-27 10:39:37,500 - hydromt.model.model - model - INFO - setup_reservoirs_no_control.rating_curve_fns=None
2026-02-27 10:39:37,500 - hydromt.model.model - model - INFO - setup_reservoirs_no_control.overwrite_existing=False
2026-02-27 10:39:37,500 - hydromt.model.model - model - INFO - setup_reservoirs_no_control.duplicate_id=error
2026-02-27 10:39:37,500 - hydromt.model.model - model - INFO - setup_reservoirs_no_control.min_area=1
2026-02-27 10:39:37,500 - hydromt.model.model - model - INFO - setup_reservoirs_no_control.output_names={'reservoir_area__count': 'reservoir_area_id', 'reservoir_location__count': 'reservoir_outlet_id', 'reservoir_surface__area': 'reservoir_area', 'reservoir_water_surface__initial_elevation': 'reservoir_initial_depth', 'reservoir_water_flow_threshold_level__elevation': 'reservoir_outflow_threshold', 'reservoir_water__rating_curve_coefficient': 'reservoir_b', 'reservoir_water__rating_curve_exponent': 'reservoir_e', 'reservoir_water__rating_curve_type_count': 'reservoir_rating_curve', 'reservoir_water__storage_curve_type_count': 'reservoir_storage_curve', 'reservoir_lower_location__count': 'reservoir_lower_id'}
2026-02-27 10:39:37,500 - hydromt.model.model - model - INFO - setup_reservoirs_no_control.geom_name=meta_reservoirs_no_control
2026-02-27 10:39:37,500 - hydromt.model.model - model - INFO - setup_reservoirs_no_control.reservoirs_fn=hydro_lakes
2026-02-27 10:39:37,500 - hydromt.hydromt_wflow.wflow_sbm - wflow_sbm - INFO - Preparing reservoir maps.
2026-02-27 10:39:37,501 - hydromt.data_catalog.sources.data_source - data_source - INFO - Reading hydro_lakes GeoDataFrame data from /p/wflow_global/hydromt/hydrography/lakes/lake-db.fgb
2026-02-27 10:39:37,501 - hydromt.data_catalog.uri_resolvers.convention_resolver - convention_resolver - DEBUG - attempting to resolve uri: /p/wflow_global/hydromt/hydrography/lakes/lake-db.fgb
2026-02-27 10:39:37,502 - hydromt._utils.unused_kwargs - unused_kwargs - DEBUG - object: PyogrioDriver does not use kwarg metadata with value crs=<Geographic 2D CRS: EPSG:4326>
Name: WGS 84
Axis Info [ellipsoidal]:
- Lat[north]: Geodetic latitude (degree)
- Lon[east]: Geodetic longitude (degree)
Area of Use:
- name: World.
- bounds: (-180.0, -90.0, 180.0, 90.0)
Datum: World Geodetic System 1984 ensemble
- Ellipsoid: WGS 84
- Prime Meridian: Greenwich
 unit=None extent={'bbox': {'West': -180.0, 'South': -55.865, 'East': 180.0, 'North': 83.576}} nodata=None attrs={} category='surface water' processing_notes='extract of hydrolakes to only include natural lakes and exclude reservoirs and control lakes (ie filter on Lake_type = 1)' author='HydroSHEDS'.
2026-02-27 10:39:37,510 - hydromt.data_catalog.adapters.geodataframe - geodataframe - DEBUG - Clip contains [2.409, 45.610, 2.971, 46.095] (EPSG:4326)
2026-02-27 10:39:37,511 - hydromt.data_catalog.adapters.geodataframe - geodataframe - DEBUG - Convert units for 1 columns.
2026-02-27 10:39:37,513 - hydromt.hydromt_wflow.workflows.reservoirs - reservoirs - INFO - 0 reservoir(s) of sufficient size found within region.
2026-02-27 10:39:37,513 - hydromt.model.model - model - INFO - build: setup_glaciers
2026-02-27 10:39:37,513 - hydromt.model.model - model - INFO - setup_glaciers.min_area=0.1
2026-02-27 10:39:37,513 - hydromt.model.model - model - INFO - setup_glaciers.output_names={'glacier_surface__area_fraction': 'glacier_fraction', 'glacier_ice__initial_leq_depth': 'glacier_initial_leq_depth'}
2026-02-27 10:39:37,513 - hydromt.model.model - model - INFO - setup_glaciers.geom_name=glaciers
2026-02-27 10:39:37,513 - hydromt.model.model - model - INFO - setup_glaciers.glaciers_fn=rgi
2026-02-27 10:39:37,513 - hydromt.hydromt_wflow.wflow_sbm - wflow_sbm - INFO - Preparing glacier maps.
2026-02-27 10:39:37,513 - hydromt.data_catalog.sources.data_source - data_source - INFO - Reading rgi GeoDataFrame data from /p/wflow_global/hydromt/hydrography/rgi/rgi.fgb
2026-02-27 10:39:37,513 - hydromt.data_catalog.uri_resolvers.convention_resolver - convention_resolver - DEBUG - attempting to resolve uri: /p/wflow_global/hydromt/hydrography/rgi/rgi.fgb
2026-02-27 10:39:37,514 - hydromt._utils.unused_kwargs - unused_kwargs - DEBUG - object: PyogrioDriver does not use kwarg metadata with value crs=<Geographic 2D CRS: EPSG:4326>
Name: WGS 84
Axis Info [ellipsoidal]:
- Lat[north]: Geodetic latitude (degree)
- Lon[east]: Geodetic longitude (degree)
Area of Use:
- name: World.
- bounds: (-180.0, -90.0, 180.0, 90.0)
Datum: World Geodetic System 1984 ensemble
- Ellipsoid: WGS 84
- Prime Meridian: Greenwich
 unit=None extent={'bbox': {'West': -179.921, 'South': -78.309, 'East': 179.751, 'North': 83.608}} nodata=None attrs={} category='surface water' notes='Randolph Glacier Inventory' paper_doi='10.3189/2014JoG13J176' paper_ref='Pfeffer et al. (2014)' url='https://cds.climate.copernicus.eu/cdsapp#!/dataset/insitu-glaciers-extent?tab=overview' license='CC BY 4.0'.
2026-02-27 10:39:37,601 - hydromt.hydromt_wflow.wflow_sbm - wflow_sbm - INFO - Skipping method, as no data has been found
2026-02-27 10:39:37,601 - hydromt.model.model - model - INFO - build: setup_lulcmaps
2026-02-27 10:39:37,602 - hydromt.model.model - model - INFO - setup_lulcmaps.lulc_mapping_fn=vito_mapping_default
2026-02-27 10:39:37,602 - hydromt.model.model - model - INFO - setup_lulcmaps.lulc_vars=['landuse', 'vegetation_kext', 'land_manning_n', 'soil_compacted_fraction', 'vegetation_root_depth', 'vegetation_leaf_storage', 'vegetation_wood_storage', 'land_water_fraction', 'vegetation_crop_factor', 'vegetation_feddes_alpha_h1', 'vegetation_feddes_h1', 'vegetation_feddes_h2', 'vegetation_feddes_h3_high', 'vegetation_feddes_h3_low', 'vegetation_feddes_h4']
2026-02-27 10:39:37,602 - hydromt.model.model - model - INFO - setup_lulcmaps.output_names_suffix=None
2026-02-27 10:39:37,602 - hydromt.model.model - model - INFO - setup_lulcmaps.lulc_fn=vito_2018
2026-02-27 10:39:37,602 - hydromt.hydromt_wflow.wflow_base - wflow_base - INFO - Preparing LULC parameter maps.
2026-02-27 10:39:37,604 - hydromt.data_catalog.sources.data_source - data_source - INFO - Reading vito_2018 RasterDataset data from /p/wflow_global/hydromt/landuse/vito/PROBAV_LC100_global_v3.0.1_2018-conso_Discrete-Classification-map_EPSG-4326.tif
2026-02-27 10:39:37,604 - hydromt.data_catalog.uri_resolvers.convention_resolver - convention_resolver - DEBUG - attempting to resolve uri: /p/wflow_global/hydromt/landuse/vito/PROBAV_LC100_global_v3.0.1_2018-conso_Discrete-Classification-map_EPSG-4326.tif
2026-02-27 10:39:37,637 - hydromt.data_catalog.adapters.rasterdataset - rasterdataset - DEBUG - Clip to [2.408, 45.607, 2.974, 46.098] (epsg:4326))
2026-02-27 10:39:37,638 - hydromt.data_catalog.sources.data_source - data_source - INFO - Reading vito_mapping_default DataFrame data from /u/tsiokano/miniforge3/envs/hydromt-wflow-wmo/lib/python3.14/site-packages/hydromt_wflow/data/lulc/v1.0/vito_mapping.csv
2026-02-27 10:39:37,638 - hydromt.data_catalog.uri_resolvers.convention_resolver - convention_resolver - DEBUG - attempting to resolve uri: /u/tsiokano/miniforge3/envs/hydromt-wflow-wmo/lib/python3.14/site-packages/hydromt_wflow/data/lulc/v1.0/vito_mapping.csv
2026-02-27 10:39:37,708 - hydromt.hydromt_wflow.workflows.landuse - landuse - INFO - Deriving landuse using mode resampling (nodata=0).
2026-02-27 10:39:37,818 - hydromt.hydromt_wflow.workflows.landuse - landuse - INFO - Deriving vegetation_kext using average resampling (nodata=-999.0).
2026-02-27 10:39:37,868 - hydromt.hydromt_wflow.workflows.landuse - landuse - INFO - Deriving land_manning_n using average resampling (nodata=-999.0).
2026-02-27 10:39:37,918 - hydromt.hydromt_wflow.workflows.landuse - landuse - INFO - Deriving soil_compacted_fraction using average resampling (nodata=-999.0).
2026-02-27 10:39:37,967 - hydromt.hydromt_wflow.workflows.landuse - landuse - INFO - Deriving vegetation_root_depth using average resampling (nodata=-999.0).
2026-02-27 10:39:38,020 - hydromt.hydromt_wflow.workflows.landuse - landuse - INFO - Deriving vegetation_leaf_storage using average resampling (nodata=-999.0).
2026-02-27 10:39:38,075 - hydromt.hydromt_wflow.workflows.landuse - landuse - INFO - Deriving vegetation_wood_storage using average resampling (nodata=-999.0).
2026-02-27 10:39:38,125 - hydromt.hydromt_wflow.workflows.landuse - landuse - INFO - Deriving land_water_fraction using average resampling (nodata=-999.0).
2026-02-27 10:39:38,173 - hydromt.hydromt_wflow.workflows.landuse - landuse - INFO - Deriving vegetation_crop_factor using average resampling (nodata=-999.0).
2026-02-27 10:39:38,224 - hydromt.hydromt_wflow.workflows.landuse - landuse - INFO - Deriving vegetation_feddes_alpha_h1 using mode resampling (nodata=-999).
2026-02-27 10:39:38,307 - hydromt.hydromt_wflow.workflows.landuse - landuse - INFO - Deriving vegetation_feddes_h1 using average resampling (nodata=-999).
2026-02-27 10:39:38,361 - hydromt.hydromt_wflow.workflows.landuse - landuse - INFO - Deriving vegetation_feddes_h2 using average resampling (nodata=-999).
2026-02-27 10:39:38,421 - hydromt.hydromt_wflow.workflows.landuse - landuse - INFO - Deriving vegetation_feddes_h3_high using average resampling (nodata=-999).
2026-02-27 10:39:38,477 - hydromt.hydromt_wflow.workflows.landuse - landuse - INFO - Deriving vegetation_feddes_h3_low using average resampling (nodata=-999).
2026-02-27 10:39:38,533 - hydromt.hydromt_wflow.workflows.landuse - landuse - INFO - Deriving vegetation_feddes_h4 using average resampling (nodata=-999).
2026-02-27 10:39:38,617 - hydromt.model.model - model - INFO - build: setup_laimaps
2026-02-27 10:39:38,617 - hydromt.model.model - model - INFO - setup_laimaps.lulc_fn=None
2026-02-27 10:39:38,618 - hydromt.model.model - model - INFO - setup_laimaps.lulc_sampling_method=any
2026-02-27 10:39:38,618 - hydromt.model.model - model - INFO - setup_laimaps.lulc_zero_classes=[]
2026-02-27 10:39:38,618 - hydromt.model.model - model - INFO - setup_laimaps.buffer=2
2026-02-27 10:39:38,618 - hydromt.model.model - model - INFO - setup_laimaps.output_name=vegetation_leaf_area_index
2026-02-27 10:39:38,618 - hydromt.model.model - model - INFO - setup_laimaps.lai_fn=modis_lai
2026-02-27 10:39:38,618 - hydromt.hydromt_wflow.wflow_sbm - wflow_sbm - INFO - Preparing LAI maps.
2026-02-27 10:39:38,621 - hydromt.data_catalog.sources.data_source - data_source - INFO - Reading modis_lai RasterDataset data from /p/wflow_global/hydromt/landuse/modis/MODIS_MCD15A3H_LAI/*.tif
2026-02-27 10:39:38,621 - hydromt.data_catalog.uri_resolvers.convention_resolver - convention_resolver - DEBUG - attempting to resolve uri: /p/wflow_global/hydromt/landuse/modis/MODIS_MCD15A3H_LAI/*.tif
2026-02-27 10:39:38,804 - hydromt.data_catalog.adapters.rasterdataset - rasterdataset - DEBUG - Clip to [2.408, 45.607, 2.974, 46.098] (epsg:4326))
2026-02-27 10:39:38,805 - hydromt.data_catalog.adapters.rasterdataset - rasterdataset - DEBUG - Convert units for 1 variables.
2026-02-27 10:39:38,812 - hydromt.hydromt_wflow.workflows.landuse - landuse - INFO - Deriving LAI using average resampling (nodata=255.0).
2026-02-27 10:39:39,628 - hydromt.model.model - model - INFO - build: setup_soilmaps
2026-02-27 10:39:39,628 - hydromt.model.model - model - INFO - setup_soilmaps.soil_fn=soilgrids
2026-02-27 10:39:39,628 - hydromt.model.model - model - INFO - setup_soilmaps.ptf_ksatver=brakensiek
2026-02-27 10:39:39,628 - hydromt.model.model - model - INFO - setup_soilmaps.wflow_thicknesslayers=[100, 300, 800]
2026-02-27 10:39:39,628 - hydromt.model.model - model - INFO - setup_soilmaps.output_names={'soil_water__saturated_volume_fraction': 'soil_theta_s', 'soil_water__residual_volume_fraction': 'soil_theta_r', 'soil_surface_water__vertical_saturated_hydraulic_conductivity': 'soil_ksat_vertical', 'soil__thickness': 'soil_thickness', 'soil_water__vertical_saturated_hydraulic_conductivity_scale_parameter': 'soil_f', 'soil_layer_water__brooks_corey_exponent': 'soil_brooks_corey_c'}
2026-02-27 10:39:39,628 - hydromt.hydromt_wflow.wflow_sbm - wflow_sbm - INFO - Preparing soil parameter maps.
2026-02-27 10:39:39,630 - hydromt.data_catalog.sources.data_source - data_source - INFO - Reading soilgrids RasterDataset data from /p/wflow_global/hydromt/soil/soilgrids_v1.0/*_250m_ll.tif
2026-02-27 10:39:39,630 - hydromt.data_catalog.uri_resolvers.convention_resolver - convention_resolver - DEBUG - attempting to resolve uri: /p/wflow_global/hydromt/soil/soilgrids_v1.0/*_250m_ll.tif
2026-02-27 10:39:40,734 - hydromt.data_catalog.adapters.rasterdataset - rasterdataset - DEBUG - Clip to [2.408, 45.607, 2.974, 46.098] (epsg:4326))
2026-02-27 10:39:40,744 - hydromt.data_catalog.adapters.rasterdataset - rasterdataset - DEBUG - Convert units for 21 variables.
2026-02-27 10:39:41,013 - hydromt.hydromt_wflow.workflows.soilgrids - soilgrids - INFO - calculate and resample theta_s
2026-02-27 10:39:41,924 - hydromt.hydromt_wflow.workflows.soilgrids - soilgrids - INFO - calculate and resample theta_r
2026-02-27 10:39:42,368 - hydromt.hydromt_wflow.workflows.soilgrids - soilgrids - INFO - calculate and resample ksat_vertical 
2026-02-27 10:39:43,073 - hydromt.hydromt_wflow.workflows.soilgrids - soilgrids - INFO - calculate and resample pore size distribution index
2026-02-27 10:39:44,466 - hydromt.hydromt_wflow.workflows.soilgrids - soilgrids - INFO - fit z - log(ksat_vertical ) with numpy linalg regression (y = b*x) -> M_
2026-02-27 10:39:44,798 - hydromt.hydromt_wflow.workflows.soilgrids - soilgrids - INFO - fit zi - Ksat with curve_fit (scipy.optimize) -> M
2026-02-27 10:39:45,977 - hydromt.hydromt_wflow.workflows.soilgrids - soilgrids - DEBUG - Interpolate nodata (NaN) values for theta_s
2026-02-27 10:39:46,189 - hydromt.hydromt_wflow.workflows.soilgrids - soilgrids - DEBUG - Interpolate nodata (NaN) values for theta_r
2026-02-27 10:39:46,454 - hydromt.hydromt_wflow.workflows.soilgrids - soilgrids - DEBUG - Interpolate nodata (NaN) values for soil_thickness
2026-02-27 10:39:46,472 - hydromt.hydromt_wflow.workflows.soilgrids - soilgrids - DEBUG - Interpolate nodata (NaN) values for soil_brooks_corey_c
2026-02-27 10:39:46,477 - hydromt.hydromt_wflow.workflows.soilgrids - soilgrids - DEBUG - Interpolate nodata (NaN) values for ksat_vertical
2026-02-27 10:39:46,570 - hydromt.hydromt_wflow.workflows.soilgrids - soilgrids - DEBUG - Interpolate nodata (NaN) values for meta_soilgrids_ksat_vertical_0.0cm
2026-02-27 10:39:46,678 - hydromt.hydromt_wflow.workflows.soilgrids - soilgrids - DEBUG - Interpolate nodata (NaN) values for meta_soilgrids_ksat_vertical_5.0cm
2026-02-27 10:39:46,779 - hydromt.hydromt_wflow.workflows.soilgrids - soilgrids - DEBUG - Interpolate nodata (NaN) values for meta_soilgrids_ksat_vertical_15.0cm
2026-02-27 10:39:46,911 - hydromt.hydromt_wflow.workflows.soilgrids - soilgrids - DEBUG - Interpolate nodata (NaN) values for meta_soilgrids_ksat_vertical_30.0cm
2026-02-27 10:39:47,018 - hydromt.hydromt_wflow.workflows.soilgrids - soilgrids - DEBUG - Interpolate nodata (NaN) values for meta_soilgrids_ksat_vertical_60.0cm
2026-02-27 10:39:47,156 - hydromt.hydromt_wflow.workflows.soilgrids - soilgrids - DEBUG - Interpolate nodata (NaN) values for meta_soilgrids_ksat_vertical_100.0cm
2026-02-27 10:39:47,262 - hydromt.hydromt_wflow.workflows.soilgrids - soilgrids - DEBUG - Interpolate nodata (NaN) values for meta_soilgrids_ksat_vertical_200.0cm
2026-02-27 10:39:47,844 - hydromt.hydromt_wflow.workflows.soilgrids - soilgrids - DEBUG - Interpolate nodata (NaN) values for soil_f_
2026-02-27 10:39:48,129 - hydromt.hydromt_wflow.workflows.soilgrids - soilgrids - DEBUG - Interpolate nodata (NaN) values for f
2026-02-27 10:39:48,333 - hydromt.hydromt_wflow.workflows.soilgrids - soilgrids - DEBUG - Interpolate nodata (NaN) values for meta_soil_texture
2026-02-27 10:39:48,505 - hydromt.model.model - model - INFO - build: setup_outlets
2026-02-27 10:39:48,505 - hydromt.model.model - model - INFO - setup_outlets.river_only=True
2026-02-27 10:39:48,505 - hydromt.model.model - model - INFO - setup_outlets.toml_output=csv
2026-02-27 10:39:48,505 - hydromt.model.model - model - INFO - setup_outlets.gauge_toml_header=['river_q']
2026-02-27 10:39:48,505 - hydromt.model.model - model - INFO - setup_outlets.gauge_toml_param=['river_water__volume_flow_rate']
2026-02-27 10:39:48,505 - hydromt.hydromt_wflow.wflow_base - wflow_base - INFO - Gauges locations set based on river outlets.
2026-02-27 10:39:48,519 - hydromt.hydromt_wflow.wflow_base - wflow_base - INFO - Gauges map based on catchment river outlets added.
2026-02-27 10:39:48,519 - hydromt.hydromt_wflow.wflow_base - wflow_base - INFO - Adding ['river_water__volume_flow_rate'] to csv section of toml.
2026-02-27 10:39:48,520 - hydromt.model.model - model - INFO - build: setup_gauges
2026-02-27 10:39:48,520 - hydromt.model.model - model - INFO - setup_gauges.index_col=None
2026-02-27 10:39:48,520 - hydromt.model.model - model - INFO - setup_gauges.snap_to_river=True
2026-02-27 10:39:48,520 - hydromt.model.model - model - INFO - setup_gauges.mask=None
2026-02-27 10:39:48,520 - hydromt.model.model - model - INFO - setup_gauges.snap_uparea=True
2026-02-27 10:39:48,520 - hydromt.model.model - model - INFO - setup_gauges.max_dist=10000.0
2026-02-27 10:39:48,520 - hydromt.model.model - model - INFO - setup_gauges.wdw=3
2026-02-27 10:39:48,520 - hydromt.model.model - model - INFO - setup_gauges.rel_error=0.05
2026-02-27 10:39:48,520 - hydromt.model.model - model - INFO - setup_gauges.abs_error=50.0
2026-02-27 10:39:48,520 - hydromt.model.model - model - INFO - setup_gauges.fillna=False
2026-02-27 10:39:48,520 - hydromt.model.model - model - INFO - setup_gauges.derive_subcatch=False
2026-02-27 10:39:48,520 - hydromt.model.model - model - INFO - setup_gauges.basename=None
2026-02-27 10:39:48,520 - hydromt.model.model - model - INFO - setup_gauges.toml_output=csv
2026-02-27 10:39:48,520 - hydromt.model.model - model - INFO - setup_gauges.gauge_toml_header=['river_q', 'precip']
2026-02-27 10:39:48,520 - hydromt.model.model - model - INFO - setup_gauges.gauge_toml_param=['river_water__volume_flow_rate', 'atmosphere_water__precipitation_volume_flux']
2026-02-27 10:39:48,520 - hydromt.model.model - model - INFO - setup_gauges.gauges_fn=grdc
2026-02-27 10:39:48,520 - hydromt.data_catalog.sources.data_source - data_source - INFO - Reading grdc GeoDataFrame data from /p/wflow_global/hydromt/hydro/grdc/GRDC_Stations.csv
2026-02-27 10:39:48,520 - hydromt.data_catalog.uri_resolvers.convention_resolver - convention_resolver - DEBUG - attempting to resolve uri: /p/wflow_global/hydromt/hydro/grdc/GRDC_Stations.csv
2026-02-27 10:39:48,527 - hydromt._utils.unused_kwargs - unused_kwargs - DEBUG - object: GeoDataFrameTableDriver does not use kwarg mask with value                                                 geometry
value                                                   
1.0    POLYGON ((2.76583 46.09833, 2.76583 46.09, 2.7....
2026-02-27 10:39:48,582 - hydromt.data_catalog.adapters.geodataframe - geodataframe - DEBUG - Clip intersects [2.408, 45.607, 2.974, 46.098] (EPSG:4326)
2026-02-27 10:39:48,589 - hydromt.hydromt_wflow.wflow_base - wflow_base - INFO - 5 grdc gauge locations found within domain
2026-02-27 10:39:48,609 - hydromt.hydromt_wflow.workflows.gauges - gauges - DEBUG - Snapping gauges points to best matching uparea cell within wdw (size=3).
2026-02-27 10:39:48,617 - hydromt.hydromt_wflow.workflows.gauges - gauges - WARNING - 4/5 gauge points successfully snapped.
2026-02-27 10:39:48,631 - hydromt.hydromt_wflow.workflows.gauges - gauges - INFO - Snapped 4/5 gauge points to best matching uparea cell.
2026-02-27 10:39:48,645 - hydromt.hydromt_wflow.wflow_base - wflow_base - INFO - Adding ['river_water__volume_flow_rate', 'atmosphere_water__precipitation_volume_flux'] to csv section of toml.
2026-02-27 10:39:48,645 - hydromt.model.model - model - INFO - build: setup_constant_pars
2026-02-27 10:39:48,645 - hydromt.model.model - model - INFO - setup_constant_pars.snowpack__degree_day_coefficient=3.75653
2026-02-27 10:39:48,645 - hydromt.model.model - model - INFO - setup_constant_pars.soil_surface_water__infiltration_reduction_parameter=0.038
2026-02-27 10:39:48,645 - hydromt.model.model - model - INFO - setup_constant_pars.vegetation_canopy_water__mean_evaporation_to_mean_precipitation_ratio=0.11
2026-02-27 10:39:48,646 - hydromt.model.model - model - INFO - setup_constant_pars.compacted_soil_surface_water__infiltration_capacity=10
2026-02-27 10:39:48,646 - hydromt.model.model - model - INFO - setup_constant_pars.soil_water_saturated_zone_bottom__max_leakage_volume_flux=0
2026-02-27 10:39:48,646 - hydromt.model.model - model - INFO - setup_constant_pars.soil_wet_root__sigmoid_function_shape_parameter=-500
2026-02-27 10:39:48,646 - hydromt.model.model - model - INFO - setup_constant_pars.atmosphere_air__snowfall_temperature_threshold=0
2026-02-27 10:39:48,646 - hydromt.model.model - model - INFO - setup_constant_pars.atmosphere_air__snowfall_temperature_interval=2
2026-02-27 10:39:48,646 - hydromt.model.model - model - INFO - setup_constant_pars.snowpack__melting_temperature_threshold=0
2026-02-27 10:39:48,646 - hydromt.model.model - model - INFO - setup_constant_pars.snowpack__liquid_water_holding_capacity=0.1
2026-02-27 10:39:48,646 - hydromt.model.model - model - INFO - setup_constant_pars.glacier_ice__degree_day_coefficient=3
2026-02-27 10:39:48,646 - hydromt.model.model - model - INFO - setup_constant_pars.glacier_firn_accumulation__snowpack_dry_snow_leq_depth_fraction=0.001
2026-02-27 10:39:48,646 - hydromt.model.model - model - INFO - setup_constant_pars.glacier_ice__melting_temperature_threshold=0
2026-02-27 10:39:48,646 - hydromt.model.model - model - INFO - build: setup_ksathorfrac
2026-02-27 10:39:48,646 - hydromt.model.model - model - INFO - setup_ksathorfrac.variable=RF_250
2026-02-27 10:39:48,646 - hydromt.model.model - model - INFO - setup_ksathorfrac.resampling_method=average
2026-02-27 10:39:48,646 - hydromt.model.model - model - INFO - setup_ksathorfrac.output_name=None
2026-02-27 10:39:48,646 - hydromt.model.model - model - INFO - setup_ksathorfrac.ksat_fn=ksathorfrac
2026-02-27 10:39:48,646 - hydromt.hydromt_wflow.wflow_sbm - wflow_sbm - INFO - Preparing KsatHorFrac parameter map.
2026-02-27 10:39:48,648 - hydromt.data_catalog.sources.data_source - data_source - INFO - Reading ksathorfrac RasterDataset data from /p/wflow_global/hydromt_wflow/catalog/soil/ksathorfrac.zarr
2026-02-27 10:39:48,648 - hydromt.data_catalog.uri_resolvers.convention_resolver - convention_resolver - DEBUG - attempting to resolve uri: /p/wflow_global/hydromt_wflow/catalog/soil/ksathorfrac.zarr
2026-02-27 10:39:48,650 - hydromt._utils.unused_kwargs - unused_kwargs - DEBUG - object: RasterDatasetXarrayDriver does not use kwarg mask with value                                             geometry
0  POLYGON ((2.97417 45.60667, 2.97417 46.09833, ....
2026-02-27 10:39:48,650 - hydromt._utils.unused_kwargs - unused_kwargs - DEBUG - object: RasterDatasetXarrayDriver does not use kwarg variables with value ['RF_250'].
2026-02-27 10:39:48,650 - hydromt._utils.unused_kwargs - unused_kwargs - DEBUG - object: RasterDatasetXarrayDriver does not use kwarg metadata with value crs=<Geographic 2D CRS: EPSG:4326>
Name: WGS 84
Axis Info [ellipsoidal]:
- Lat[north]: Geodetic latitude (degree)
- Lon[east]: Geodetic longitude (degree)
Area of Use:
- name: World.
- bounds: (-180.0, -90.0, 180.0, 90.0)
Datum: World Geodetic System 1984 ensemble
- Ellipsoid: WGS 84
- Prime Meridian: Greenwich
 unit=None extent={} nodata=None attrs={} category=None resolution='250 metres'.
2026-02-27 10:39:48,915 - hydromt.data_catalog.adapters.rasterdataset - rasterdataset - DEBUG - Clip to [2.408, 45.607, 2.974, 46.098] (epsg:4326))
2026-02-27 10:39:49,671 - hydromt.model.model - model - INFO - build: setup_config_output_timeseries
2026-02-27 10:39:49,671 - hydromt.model.model - model - INFO - setup_config_output_timeseries.toml_output=csv
2026-02-27 10:39:49,671 - hydromt.model.model - model - INFO - setup_config_output_timeseries.header=['outflow', 'inflow', 'volume', 'P', 'Epot', 'Eact', 'demand', 'maxrelease', 'targetf', 'targetm']
2026-02-27 10:39:49,671 - hydromt.model.model - model - INFO - setup_config_output_timeseries.param=['reservoir_water__outgoing_volume_flow_rate', 'reservoir_water__incoming_volume_flow_rate', 'reservoir_water__volume', 'reservoir_water__precipitation_volume_flux', 'reservoir_water__potential_evaporation_volume_flux', 'reservoir_water__evaporation_volume_flux', 'reservoir_water_demand__required_downstream_volume_flow_rate', 'reservoir_water_release_below_spillway__max_volume_flow_rate', 'reservoir_water__target_full_volume_fraction', 'reservoir_water__target_min_volume_fraction']
2026-02-27 10:39:49,671 - hydromt.model.model - model - INFO - setup_config_output_timeseries.reducer=None
2026-02-27 10:39:49,671 - hydromt.model.model - model - INFO - setup_config_output_timeseries.mapname=reservoir_outlet_id
2026-02-27 10:39:49,671 - hydromt.hydromt_wflow.wflow_base - wflow_base - INFO - Adding ['reservoir_water__outgoing_volume_flow_rate', 'reservoir_water__incoming_volume_flow_rate', 'reservoir_water__volume', 'reservoir_water__precipitation_volume_flux', 'reservoir_water__potential_evaporation_volume_flux', 'reservoir_water__evaporation_volume_flux', 'reservoir_water_demand__required_downstream_volume_flow_rate', 'reservoir_water_release_below_spillway__max_volume_flow_rate', 'reservoir_water__target_full_volume_fraction', 'reservoir_water__target_min_volume_fraction'] to csv section of toml.
2026-02-27 10:39:49,671 - hydromt.model.model - model - INFO - build: setup_config_output_timeseries
2026-02-27 10:39:49,671 - hydromt.model.model - model - INFO - setup_config_output_timeseries.toml_output=csv
2026-02-27 10:39:49,671 - hydromt.model.model - model - INFO - setup_config_output_timeseries.header=['precip_subcatch', 'pet_subcatch', 'etact_subcatch', 'snow_subcatch', 'temp_subcatch']
2026-02-27 10:39:49,671 - hydromt.model.model - model - INFO - setup_config_output_timeseries.param=['atmosphere_water__precipitation_volume_flux', 'land_surface_water__potential_evaporation_volume_flux', 'land_surface__evapotranspiration_volume_flux', 'snowpack_dry_snow__leq_depth', 'atmosphere_air__temperature']
2026-02-27 10:39:49,671 - hydromt.model.model - model - INFO - setup_config_output_timeseries.reducer=['mean', 'mean', 'mean', 'mean', 'mean']
2026-02-27 10:39:49,671 - hydromt.model.model - model - INFO - setup_config_output_timeseries.mapname=subcatchment
2026-02-27 10:39:49,671 - hydromt.hydromt_wflow.wflow_base - wflow_base - INFO - Adding ['atmosphere_water__precipitation_volume_flux', 'land_surface_water__potential_evaporation_volume_flux', 'land_surface__evapotranspiration_volume_flux', 'snowpack_dry_snow__leq_depth', 'atmosphere_air__temperature'] to csv section of toml.
2026-02-27 10:39:49,671 - hydromt.hydromt_wflow.wflow_base - wflow_base - INFO - Write model data to /p/11212698-005-wmo2026state/reservoirs/models/ffaadb77-65b4-477a-b857-a5d56ca8ee2f/wflow_sbm
2026-02-27 10:39:49,690 - hydromt.model.components.grid - grid - INFO - wflow_sbm.staticmaps: Writing grid data to /p/11212698-005-wmo2026state/reservoirs/models/ffaadb77-65b4-477a-b857-a5d56ca8ee2f/wflow_sbm/staticmaps.nc.
2026-02-27 10:39:50,631 - hydromt.model.components.spatial - spatial - INFO - wflow_sbm.staticmaps: Writing region to /p/11212698-005-wmo2026state/reservoirs/models/ffaadb77-65b4-477a-b857-a5d56ca8ee2f/wflow_sbm/staticgeoms/region.geojson.
2026-02-27 10:39:50,647 - hydromt.model.components.geoms - geoms - INFO - wflow_sbm.geoms: Writing geoms to /p/11212698-005-wmo2026state/reservoirs/models/ffaadb77-65b4-477a-b857-a5d56ca8ee2f/wflow_sbm/staticgeoms/meta_basins_highres.geojson.
2026-02-27 10:39:50,660 - hydromt.model.components.geoms - geoms - INFO - wflow_sbm.geoms: Writing geoms to /p/11212698-005-wmo2026state/reservoirs/models/ffaadb77-65b4-477a-b857-a5d56ca8ee2f/wflow_sbm/staticgeoms/basins.geojson.
2026-02-27 10:39:50,663 - hydromt.model.components.geoms - geoms - INFO - wflow_sbm.geoms: Writing geoms to /p/11212698-005-wmo2026state/reservoirs/models/ffaadb77-65b4-477a-b857-a5d56ca8ee2f/wflow_sbm/staticgeoms/rivers.geojson.
2026-02-27 10:39:50,671 - hydromt.model.components.geoms - geoms - INFO - wflow_sbm.geoms: Writing geoms to /p/11212698-005-wmo2026state/reservoirs/models/ffaadb77-65b4-477a-b857-a5d56ca8ee2f/wflow_sbm/staticgeoms/meta_reservoirs_simple_control.geojson.
2026-02-27 10:39:50,677 - hydromt.model.components.geoms - geoms - INFO - wflow_sbm.geoms: Writing geoms to /p/11212698-005-wmo2026state/reservoirs/models/ffaadb77-65b4-477a-b857-a5d56ca8ee2f/wflow_sbm/staticgeoms/reservoirs.geojson.
2026-02-27 10:39:50,682 - hydromt.model.components.geoms - geoms - INFO - wflow_sbm.geoms: Writing geoms to /p/11212698-005-wmo2026state/reservoirs/models/ffaadb77-65b4-477a-b857-a5d56ca8ee2f/wflow_sbm/staticgeoms/outlets.geojson.
2026-02-27 10:39:50,686 - hydromt.model.components.geoms - geoms - INFO - wflow_sbm.geoms: Writing geoms to /p/11212698-005-wmo2026state/reservoirs/models/ffaadb77-65b4-477a-b857-a5d56ca8ee2f/wflow_sbm/staticgeoms/gauges_grdc.geojson.
2026-02-27 10:39:50,691 - hydromt.hydromt_wflow.components.forcing - forcing - WARNING - Write forcing skipped: dataset is empty (no variables or data).
2026-02-27 10:39:50,692 - hydromt.model.components.tables - tables - INFO - wflow_sbm.tables: No tables found, skip writing.
2026-02-27 10:39:50,692 - hydromt.model.components.grid - grid - INFO - wflow_sbm.states: No grid data found, skip writing.
2026-02-27 10:39:50,692 - hydromt.hydromt_wflow.components.config - config - INFO - Writing model config to /p/11212698-005-wmo2026state/reservoirs/models/ffaadb77-65b4-477a-b857-a5d56ca8ee2f/wflow_sbm/wflow_sbm.toml.
2026-03-15 10:08:09,853 - hydromt - log - DEBUG - Appending log messages to file /p/11212698-005-wmo2026state/reservoirs/models/ffaadb77-65b4-477a-b857-a5d56ca8ee2f/wflow_sbm/hydromt.log.
2026-03-15 10:08:09,853 - hydromt - log - INFO - HydroMT version: 1.3.0
2026-03-15 10:08:09,870 - hydromt - log - DEBUG - Appending log messages to file /p/11212698-005-wmo2026state/reservoirs/models/ffaadb77-65b4-477a-b857-a5d56ca8ee2f/wflow_sbm/hydromt.log.
2026-03-15 10:08:09,870 - hydromt - log - INFO - HydroMT version: 1.3.0
2026-03-15 10:08:10,237 - hydromt.model.model - model - INFO - update: setup_config
2026-03-15 10:08:10,237 - hydromt.model.model - model - INFO - setup_config.data={'time.starttime': datetime.datetime(1988, 1, 1, 0, 0), 'time.endtime': datetime.datetime(2025, 12, 31, 0, 0), 'time.timestepsecs': 86400, 'input.path_forcing': 'inmaps/mswep_precip_era5_temp_pet_daily.nc'}
2026-03-15 10:08:10,237 - hydromt.model.components.config - config - DEBUG - Setting model config options.
2026-03-15 10:08:10,237 - hydromt.model.model - model - INFO - update: setup_precip_forcing
2026-03-15 10:08:10,237 - hydromt.model.model - model - INFO - setup_precip_forcing.precip_clim_fn=None
2026-03-15 10:08:10,237 - hydromt.model.model - model - INFO - setup_precip_forcing.chunksize=None
2026-03-15 10:08:10,237 - hydromt.model.model - model - INFO - setup_precip_forcing.precip_fn=mswep_daily_netcdf
2026-03-15 10:08:10,240 - hydromt.data_catalog.sources.data_source - data_source - INFO - Reading mswep_daily_netcdf RasterDataset data from /p/wflow_global/forcing/MSWEP_V316_test/Past/Yearly/mswep_v316_{year}.nc
2026-03-15 10:08:10,240 - hydromt.data_catalog.uri_resolvers.convention_resolver - convention_resolver - DEBUG - attempting to resolve uri: /p/wflow_global/forcing/MSWEP_V316_test/Past/Yearly/mswep_v316_{year}.nc
2026-03-15 10:08:10,247 - hydromt._utils.unused_kwargs - unused_kwargs - DEBUG - object: RasterDatasetXarrayDriver does not use kwarg mask with value                                             geometry
0  POLYGON ((2.97417 45.60667, 2.97417 46.09833, ....
2026-03-15 10:08:10,248 - hydromt._utils.unused_kwargs - unused_kwargs - DEBUG - object: RasterDatasetXarrayDriver does not use kwarg variables with value ['precipitation'].
2026-03-15 10:08:10,248 - hydromt._utils.unused_kwargs - unused_kwargs - DEBUG - object: RasterDatasetXarrayDriver does not use kwarg metadata with value crs=<Geographic 2D CRS: EPSG:4326>
Name: WGS 84
Axis Info [ellipsoidal]:
- Lat[north]: Geodetic latitude (degree)
- Lon[east]: Geodetic longitude (degree)
Area of Use:
- name: World.
- bounds: (-180.0, -90.0, 180.0, 90.0)
Datum: World Geodetic System 1984 ensemble
- Ellipsoid: WGS 84
- Prime Meridian: Greenwich
 unit=None extent={} nodata=None attrs={} category=None.
2026-03-15 10:08:13,923 - hydromt.data_catalog.adapters.adapter_utils - adapter_utils - DEBUG - Slicing time dim start=datetime.datetime(1988, 1, 1, 0, 0) end=datetime.datetime(2025, 12, 31, 0, 0)
2026-03-15 10:08:13,931 - hydromt.data_catalog.adapters.rasterdataset - rasterdataset - DEBUG - Clip to [2.408, 45.607, 2.974, 46.098] (epsg:4326))
2026-03-15 10:08:40,256 - hydromt.model.processes.meteo - meteo - DEBUG - upsampling precip using bfill; conserve mass: True
2026-03-15 10:08:40,951 - hydromt.model.model - model - INFO - update: setup_temp_pet_forcing
2026-03-15 10:08:40,951 - hydromt.model.model - model - INFO - setup_temp_pet_forcing.pet_method=debruin
2026-03-15 10:08:40,951 - hydromt.model.model - model - INFO - setup_temp_pet_forcing.press_correction=True
2026-03-15 10:08:40,951 - hydromt.model.model - model - INFO - setup_temp_pet_forcing.temp_correction=True
2026-03-15 10:08:40,951 - hydromt.model.model - model - INFO - setup_temp_pet_forcing.wind_correction=True
2026-03-15 10:08:40,951 - hydromt.model.model - model - INFO - setup_temp_pet_forcing.wind_altitude=10
2026-03-15 10:08:40,951 - hydromt.model.model - model - INFO - setup_temp_pet_forcing.reproj_method=nearest_index
2026-03-15 10:08:40,951 - hydromt.model.model - model - INFO - setup_temp_pet_forcing.fillna_method=None
2026-03-15 10:08:40,951 - hydromt.model.model - model - INFO - setup_temp_pet_forcing.dem_forcing_fn=era5_orography
2026-03-15 10:08:40,951 - hydromt.model.model - model - INFO - setup_temp_pet_forcing.skip_pet=False
2026-03-15 10:08:40,951 - hydromt.model.model - model - INFO - setup_temp_pet_forcing.chunksize=None
2026-03-15 10:08:40,951 - hydromt.model.model - model - INFO - setup_temp_pet_forcing.temp_pet_fn=era5
2026-03-15 10:08:40,954 - hydromt.data_catalog.sources.data_source - data_source - INFO - Reading era5 RasterDataset data from /p/wflow_global/hydromt/meteo/era5_daily/nc_merged/era5_{year}_daily.nc
2026-03-15 10:08:40,955 - hydromt.data_catalog.uri_resolvers.convention_resolver - convention_resolver - DEBUG - attempting to resolve uri: /p/wflow_global/hydromt/meteo/era5_daily/nc_merged/era5_{year}_daily.nc
2026-03-15 10:08:40,959 - hydromt._utils.unused_kwargs - unused_kwargs - DEBUG - object: RasterDatasetXarrayDriver does not use kwarg mask with value                                             geometry
0  POLYGON ((2.97417 45.60667, 2.97417 46.09833, ....
2026-03-15 10:08:40,959 - hydromt._utils.unused_kwargs - unused_kwargs - DEBUG - object: RasterDatasetXarrayDriver does not use kwarg variables with value ['t2m', 'msl', 'ssrd', 'tisr'].
2026-03-15 10:08:40,960 - hydromt._utils.unused_kwargs - unused_kwargs - DEBUG - object: RasterDatasetXarrayDriver does not use kwarg metadata with value crs=<Geographic 2D CRS: EPSG:4326>
Name: WGS 84
Axis Info [ellipsoidal]:
- Lat[north]: Geodetic latitude (degree)
- Lon[east]: Geodetic longitude (degree)
Area of Use:
- name: World.
- bounds: (-180.0, -90.0, 180.0, 90.0)
Datum: World Geodetic System 1984 ensemble
- Ellipsoid: WGS 84
- Prime Meridian: Greenwich
 unit=None extent={'bbox': {'West': -0.125, 'South': -90.125, 'East': 359.875, 'North': 90.125}, 'time_range': {'start': '1950-01-02', 'end': '2023-11-30'}} nodata=None attrs={} category='meteo' notes='Extracted from Copernicus Climate Data Store; resampled by Deltares to daily frequency using right label for time.' paper_doi='10.1002/qj.3803' paper_ref='Hersbach et al. (2019)' processing_script='https://github.com/Deltares/hydromt/blob/main/data/src/era5_download_resample_convert.py' url='https://doi.org/10.24381/cds.bd0915c6' license='https://cds.climate.copernicus.eu/cdsapp/#!/terms/licence-to-use-copernicus-products'.
2026-03-15 10:08:43,952 - hydromt.data_catalog.adapters.adapter_utils - adapter_utils - DEBUG - Slicing time dim start=datetime.datetime(1988, 1, 1, 0, 0) end=datetime.datetime(2025, 12, 31, 0, 0)
2026-03-15 10:08:43,957 - hydromt.data_catalog.adapters.rasterdataset - rasterdataset - DEBUG - Clip to [2.408, 45.607, 2.974, 46.098] (epsg:4326))
2026-03-15 10:08:43,962 - hydromt.data_catalog.adapters.rasterdataset - rasterdataset - DEBUG - Convert units for 4 variables.
2026-03-15 10:08:43,986 - hydromt.data_catalog.sources.data_source - data_source - INFO - Reading era5_orography RasterDataset data from /p/wflow_global/hydromt/meteo/era5/meta/era5_orography_2018.nc
2026-03-15 10:08:43,986 - hydromt.data_catalog.uri_resolvers.convention_resolver - convention_resolver - DEBUG - attempting to resolve uri: /p/wflow_global/hydromt/meteo/era5/meta/era5_orography_2018.nc
2026-03-15 10:08:43,989 - hydromt._utils.unused_kwargs - unused_kwargs - DEBUG - object: RasterDatasetXarrayDriver does not use kwarg mask with value                                             geometry
0  POLYGON ((2.125 46.375, 2.125 45.375, 3.125 45....
2026-03-15 10:08:43,989 - hydromt._utils.unused_kwargs - unused_kwargs - DEBUG - object: RasterDatasetXarrayDriver does not use kwarg variables with value ['z'].
2026-03-15 10:08:43,989 - hydromt._utils.unused_kwargs - unused_kwargs - DEBUG - object: RasterDatasetXarrayDriver does not use kwarg metadata with value crs=<Geographic 2D CRS: EPSG:4326>
Name: WGS 84
Axis Info [ellipsoidal]:
- Lat[north]: Geodetic latitude (degree)
- Lon[east]: Geodetic longitude (degree)
Area of Use:
- name: World.
- bounds: (-180.0, -90.0, 180.0, 90.0)
Datum: World Geodetic System 1984 ensemble
- Ellipsoid: WGS 84
- Prime Meridian: Greenwich
 unit=None extent={'bbox': {'West': -0.125, 'South': -90.125, 'East': 359.875, 'North': 90.125}, 'time_range': {'start': '2018-01-01', 'end': '2018-01-01'}} nodata=None attrs={} category='meteo' notes='Extracted from Copernicus Climate Data Store' paper_doi='10.1002/qj.3803' paper_ref='Hersbach et al. (2019)' url='https://apps.ecmwf.int/codes/grib/param-db?id=129' license='https://cds.climate.copernicus.eu/cdsapp/#!/terms/licence-to-use-copernicus-products'.
2026-03-15 10:08:44,003 - hydromt.data_catalog.adapters.rasterdataset - rasterdataset - DEBUG - Clip to [2.125, 45.375, 3.125, 46.375] (epsg:4326))
2026-03-15 10:08:44,004 - hydromt.data_catalog.adapters.rasterdataset - rasterdataset - DEBUG - Convert units for 1 variables.
2026-03-15 10:09:25,655 - hydromt.model.model - model - INFO - update: forcing.write
2026-03-15 10:09:25,656 - hydromt.model.model - model - INFO - forcing.write.filename=None
2026-03-15 10:09:25,656 - hydromt.model.model - model - INFO - forcing.write.output_frequency=Y
2026-03-15 10:09:25,656 - hydromt.model.model - model - INFO - forcing.write.time_chunk=1
2026-03-15 10:09:25,656 - hydromt.model.model - model - INFO - forcing.write.time_units=days since 1900-01-01T00:00:00
2026-03-15 10:09:25,656 - hydromt.model.model - model - INFO - forcing.write.decimals=2
2026-03-15 10:09:25,656 - hydromt.model.model - model - INFO - forcing.write.overwrite=False
2026-03-15 10:09:25,656 - hydromt.hydromt_wflow.components.forcing - forcing - INFO - Write forcing file
2026-03-15 10:09:25,689 - hydromt.hydromt_wflow.components.forcing - forcing - INFO - Writing several forcing with freq Y
2026-03-15 10:09:25,699 - hydromt.hydromt_wflow.components.forcing - forcing - INFO - Writing file /p/11212698-005-wmo2026state/reservoirs/models/ffaadb77-65b4-477a-b857-a5d56ca8ee2f/wflow_sbm/inmaps/mswep_precip_era5_temp_pet_daily_19880101.nc
2026-03-15 10:09:35,278 - hydromt.hydromt_wflow.components.forcing - forcing - INFO - Writing file /p/11212698-005-wmo2026state/reservoirs/models/ffaadb77-65b4-477a-b857-a5d56ca8ee2f/wflow_sbm/inmaps/mswep_precip_era5_temp_pet_daily_19890101.nc
2026-03-15 10:09:47,499 - hydromt.hydromt_wflow.components.forcing - forcing - INFO - Writing file /p/11212698-005-wmo2026state/reservoirs/models/ffaadb77-65b4-477a-b857-a5d56ca8ee2f/wflow_sbm/inmaps/mswep_precip_era5_temp_pet_daily_19900101.nc
2026-03-15 10:09:57,980 - hydromt.hydromt_wflow.components.forcing - forcing - INFO - Writing file /p/11212698-005-wmo2026state/reservoirs/models/ffaadb77-65b4-477a-b857-a5d56ca8ee2f/wflow_sbm/inmaps/mswep_precip_era5_temp_pet_daily_19910101.nc
2026-03-15 10:10:04,109 - hydromt.hydromt_wflow.components.forcing - forcing - INFO - Writing file /p/11212698-005-wmo2026state/reservoirs/models/ffaadb77-65b4-477a-b857-a5d56ca8ee2f/wflow_sbm/inmaps/mswep_precip_era5_temp_pet_daily_19920101.nc
2026-03-15 10:10:13,429 - hydromt.hydromt_wflow.components.forcing - forcing - INFO - Writing file /p/11212698-005-wmo2026state/reservoirs/models/ffaadb77-65b4-477a-b857-a5d56ca8ee2f/wflow_sbm/inmaps/mswep_precip_era5_temp_pet_daily_19930101.nc
2026-03-15 10:10:26,907 - hydromt.hydromt_wflow.components.forcing - forcing - INFO - Writing file /p/11212698-005-wmo2026state/reservoirs/models/ffaadb77-65b4-477a-b857-a5d56ca8ee2f/wflow_sbm/inmaps/mswep_precip_era5_temp_pet_daily_19940101.nc
2026-03-15 10:10:37,693 - hydromt.hydromt_wflow.components.forcing - forcing - INFO - Writing file /p/11212698-005-wmo2026state/reservoirs/models/ffaadb77-65b4-477a-b857-a5d56ca8ee2f/wflow_sbm/inmaps/mswep_precip_era5_temp_pet_daily_19950101.nc
2026-03-15 10:10:45,947 - hydromt.hydromt_wflow.components.forcing - forcing - INFO - Writing file /p/11212698-005-wmo2026state/reservoirs/models/ffaadb77-65b4-477a-b857-a5d56ca8ee2f/wflow_sbm/inmaps/mswep_precip_era5_temp_pet_daily_19960101.nc
2026-03-15 10:10:54,218 - hydromt.hydromt_wflow.components.forcing - forcing - INFO - Writing file /p/11212698-005-wmo2026state/reservoirs/models/ffaadb77-65b4-477a-b857-a5d56ca8ee2f/wflow_sbm/inmaps/mswep_precip_era5_temp_pet_daily_19970101.nc
2026-03-15 10:11:02,081 - hydromt.hydromt_wflow.components.forcing - forcing - INFO - Writing file /p/11212698-005-wmo2026state/reservoirs/models/ffaadb77-65b4-477a-b857-a5d56ca8ee2f/wflow_sbm/inmaps/mswep_precip_era5_temp_pet_daily_19980101.nc
2026-03-15 10:11:10,308 - hydromt.hydromt_wflow.components.forcing - forcing - INFO - Writing file /p/11212698-005-wmo2026state/reservoirs/models/ffaadb77-65b4-477a-b857-a5d56ca8ee2f/wflow_sbm/inmaps/mswep_precip_era5_temp_pet_daily_19990101.nc
2026-03-15 10:11:17,636 - hydromt.hydromt_wflow.components.forcing - forcing - INFO - Writing file /p/11212698-005-wmo2026state/reservoirs/models/ffaadb77-65b4-477a-b857-a5d56ca8ee2f/wflow_sbm/inmaps/mswep_precip_era5_temp_pet_daily_20000101.nc
2026-03-15 10:11:23,019 - hydromt.hydromt_wflow.components.forcing - forcing - INFO - Writing file /p/11212698-005-wmo2026state/reservoirs/models/ffaadb77-65b4-477a-b857-a5d56ca8ee2f/wflow_sbm/inmaps/mswep_precip_era5_temp_pet_daily_20010101.nc
2026-03-15 10:11:31,099 - hydromt.hydromt_wflow.components.forcing - forcing - INFO - Writing file /p/11212698-005-wmo2026state/reservoirs/models/ffaadb77-65b4-477a-b857-a5d56ca8ee2f/wflow_sbm/inmaps/mswep_precip_era5_temp_pet_daily_20020101.nc
2026-03-15 10:11:38,954 - hydromt.hydromt_wflow.components.forcing - forcing - INFO - Writing file /p/11212698-005-wmo2026state/reservoirs/models/ffaadb77-65b4-477a-b857-a5d56ca8ee2f/wflow_sbm/inmaps/mswep_precip_era5_temp_pet_daily_20030101.nc
2026-03-15 10:11:47,835 - hydromt.hydromt_wflow.components.forcing - forcing - INFO - Writing file /p/11212698-005-wmo2026state/reservoirs/models/ffaadb77-65b4-477a-b857-a5d56ca8ee2f/wflow_sbm/inmaps/mswep_precip_era5_temp_pet_daily_20040101.nc
2026-03-15 10:11:57,002 - hydromt.hydromt_wflow.components.forcing - forcing - INFO - Writing file /p/11212698-005-wmo2026state/reservoirs/models/ffaadb77-65b4-477a-b857-a5d56ca8ee2f/wflow_sbm/inmaps/mswep_precip_era5_temp_pet_daily_20050101.nc
2026-03-15 10:12:06,082 - hydromt.hydromt_wflow.components.forcing - forcing - INFO - Writing file /p/11212698-005-wmo2026state/reservoirs/models/ffaadb77-65b4-477a-b857-a5d56ca8ee2f/wflow_sbm/inmaps/mswep_precip_era5_temp_pet_daily_20060101.nc
2026-03-15 10:12:15,441 - hydromt.hydromt_wflow.components.forcing - forcing - INFO - Writing file /p/11212698-005-wmo2026state/reservoirs/models/ffaadb77-65b4-477a-b857-a5d56ca8ee2f/wflow_sbm/inmaps/mswep_precip_era5_temp_pet_daily_20070101.nc
2026-03-15 10:12:24,431 - hydromt.hydromt_wflow.components.forcing - forcing - INFO - Writing file /p/11212698-005-wmo2026state/reservoirs/models/ffaadb77-65b4-477a-b857-a5d56ca8ee2f/wflow_sbm/inmaps/mswep_precip_era5_temp_pet_daily_20080101.nc
2026-03-15 10:12:35,012 - hydromt.hydromt_wflow.components.forcing - forcing - INFO - Writing file /p/11212698-005-wmo2026state/reservoirs/models/ffaadb77-65b4-477a-b857-a5d56ca8ee2f/wflow_sbm/inmaps/mswep_precip_era5_temp_pet_daily_20090101.nc
2026-03-15 10:12:41,486 - hydromt.hydromt_wflow.components.forcing - forcing - INFO - Writing file /p/11212698-005-wmo2026state/reservoirs/models/ffaadb77-65b4-477a-b857-a5d56ca8ee2f/wflow_sbm/inmaps/mswep_precip_era5_temp_pet_daily_20100101.nc
2026-03-15 10:12:50,802 - hydromt.hydromt_wflow.components.forcing - forcing - INFO - Writing file /p/11212698-005-wmo2026state/reservoirs/models/ffaadb77-65b4-477a-b857-a5d56ca8ee2f/wflow_sbm/inmaps/mswep_precip_era5_temp_pet_daily_20110101.nc
2026-03-15 10:13:00,655 - hydromt.hydromt_wflow.components.forcing - forcing - INFO - Writing file /p/11212698-005-wmo2026state/reservoirs/models/ffaadb77-65b4-477a-b857-a5d56ca8ee2f/wflow_sbm/inmaps/mswep_precip_era5_temp_pet_daily_20120101.nc
2026-03-15 10:13:10,542 - hydromt.hydromt_wflow.components.forcing - forcing - INFO - Writing file /p/11212698-005-wmo2026state/reservoirs/models/ffaadb77-65b4-477a-b857-a5d56ca8ee2f/wflow_sbm/inmaps/mswep_precip_era5_temp_pet_daily_20130101.nc
2026-03-15 10:13:18,997 - hydromt.hydromt_wflow.components.forcing - forcing - INFO - Writing file /p/11212698-005-wmo2026state/reservoirs/models/ffaadb77-65b4-477a-b857-a5d56ca8ee2f/wflow_sbm/inmaps/mswep_precip_era5_temp_pet_daily_20140101.nc
2026-03-15 10:13:29,160 - hydromt.hydromt_wflow.components.forcing - forcing - INFO - Writing file /p/11212698-005-wmo2026state/reservoirs/models/ffaadb77-65b4-477a-b857-a5d56ca8ee2f/wflow_sbm/inmaps/mswep_precip_era5_temp_pet_daily_20150101.nc
2026-03-15 10:13:36,608 - hydromt.hydromt_wflow.components.forcing - forcing - INFO - Writing file /p/11212698-005-wmo2026state/reservoirs/models/ffaadb77-65b4-477a-b857-a5d56ca8ee2f/wflow_sbm/inmaps/mswep_precip_era5_temp_pet_daily_20160101.nc
2026-03-15 10:13:46,002 - hydromt.hydromt_wflow.components.forcing - forcing - INFO - Writing file /p/11212698-005-wmo2026state/reservoirs/models/ffaadb77-65b4-477a-b857-a5d56ca8ee2f/wflow_sbm/inmaps/mswep_precip_era5_temp_pet_daily_20170101.nc
2026-03-15 10:13:55,725 - hydromt.hydromt_wflow.components.forcing - forcing - INFO - Writing file /p/11212698-005-wmo2026state/reservoirs/models/ffaadb77-65b4-477a-b857-a5d56ca8ee2f/wflow_sbm/inmaps/mswep_precip_era5_temp_pet_daily_20180101.nc
2026-03-15 10:14:02,540 - hydromt.hydromt_wflow.components.forcing - forcing - INFO - Writing file /p/11212698-005-wmo2026state/reservoirs/models/ffaadb77-65b4-477a-b857-a5d56ca8ee2f/wflow_sbm/inmaps/mswep_precip_era5_temp_pet_daily_20190101.nc
2026-03-15 10:14:12,320 - hydromt.hydromt_wflow.components.forcing - forcing - INFO - Writing file /p/11212698-005-wmo2026state/reservoirs/models/ffaadb77-65b4-477a-b857-a5d56ca8ee2f/wflow_sbm/inmaps/mswep_precip_era5_temp_pet_daily_20200101.nc
2026-03-15 10:14:21,307 - hydromt.hydromt_wflow.components.forcing - forcing - INFO - Writing file /p/11212698-005-wmo2026state/reservoirs/models/ffaadb77-65b4-477a-b857-a5d56ca8ee2f/wflow_sbm/inmaps/mswep_precip_era5_temp_pet_daily_20210101.nc
2026-03-15 10:14:29,564 - hydromt.hydromt_wflow.components.forcing - forcing - INFO - Writing file /p/11212698-005-wmo2026state/reservoirs/models/ffaadb77-65b4-477a-b857-a5d56ca8ee2f/wflow_sbm/inmaps/mswep_precip_era5_temp_pet_daily_20220101.nc
2026-03-15 10:14:38,155 - hydromt.hydromt_wflow.components.forcing - forcing - INFO - Writing file /p/11212698-005-wmo2026state/reservoirs/models/ffaadb77-65b4-477a-b857-a5d56ca8ee2f/wflow_sbm/inmaps/mswep_precip_era5_temp_pet_daily_20230101.nc
2026-03-15 10:14:46,737 - hydromt.hydromt_wflow.components.forcing - forcing - INFO - Writing file /p/11212698-005-wmo2026state/reservoirs/models/ffaadb77-65b4-477a-b857-a5d56ca8ee2f/wflow_sbm/inmaps/mswep_precip_era5_temp_pet_daily_20240101.nc
2026-03-15 10:14:55,907 - hydromt.hydromt_wflow.components.forcing - forcing - INFO - Writing file /p/11212698-005-wmo2026state/reservoirs/models/ffaadb77-65b4-477a-b857-a5d56ca8ee2f/wflow_sbm/inmaps/mswep_precip_era5_temp_pet_daily_20250101.nc
